// Jest Snapshot v1, https://goo.gl/fbAQLP

exports[`App it matches snapshot 1`] = `
<div
  className="ripple "
  onClick={null}
>
  <div
    className="rippleContainer"
    onMouseDown={[Function]}
    onMouseUp={[Function]}
    onTouchEnd={[Function]}
    onTouchStart={[Function]}
  />
</div>
`;
